by\training\paragliding\bean\exception\BeanException.class
by\training\paragliding\controller\CommandProvider.class
by\training\paragliding\bean\entity\Competition$Discipline.class
by\training\paragliding\bean\entity\Role.class
by\training\paragliding\dao\exception\DaoException.class
by\training\paragliding\dao\mysql\sportsmen\FindSportsmenByRatingRange.class
by\training\paragliding\service\SportsmanService$ThrowingFunction.class
by\training\paragliding\controller\exception\ControllerException.class
by\training\paragliding\bean\entity\User.class
by\training\paragliding\dao\mysql\sportsmen\FindSportsmenByApplication.class
by\training\paragliding\dao\mysql\BaseSqlRepository.class
by\training\paragliding\service\exception\ServiceException.class
by\training\paragliding\controller\command\sportsman\ViewAllSportsmen.class
by\training\paragliding\dao\Repository.class
by\training\paragliding\dao\mysql\user\UserRepository.class
by\training\paragliding\dao\mysql\sportsmen\SportsmenRepository.class
by\training\paragliding\bean\entity\Competition.class
by\training\paragliding\controller\command\Executable.class
by\training\paragliding\controller\command\sportsman\ViewSportsmanById.class
by\training\paragliding\bean\entity\Sportsman.class
by\training\paragliding\dao\mysql\Specification.class
by\training\paragliding\bean\entity\Competition$Status.class
by\training\paragliding\service\SportsmanService.class
by\training\paragliding\dao\mysql\user\FindAllUsersSpecification.class
by\training\paragliding\dao\mysql\sportsmen\FindAllSportsmenSpecification.class
by\training\paragliding\controller\Controller.class
by\training\paragliding\dao\mysql\sportsmen\FindByCountrySpecification.class
by\training\paragliding\servlet\EncodingFilter.class
by\training\paragliding\controller\command\sportsman\ViewSportsmenByCountryCode.class
by\training\paragliding\service\UserService.class
by\training\paragliding\dao\DaoFactory.class
by\training\paragliding\servlet\ControllerServlet.class
by\training\paragliding\service\ServiceFactory.class
