by\training\paragliding\bean\exception\BeanException.class
by\training\paragliding\controller\CommandProvider.class
by\training\paragliding\bean\entity\Competition$Discipline.class
by\training\paragliding\controller\Controller.class
by\training\paragliding\dao\exception\DaoException.class
by\training\paragliding\dao\sql\sportsmen\FindByCountrySpecification.class
by\training\paragliding\dao\sql\sportsmen\SportsmenRepository.class
by\training\paragliding\controller\exception\ControllerException.class
by\training\paragliding\servlet\EncodingFilter.class
by\training\paragliding\dao\sql\Specification.class
by\training\paragliding\service\exception\ServiceException.class
by\training\paragliding\controller\command\ViewSportsmanById.class
by\training\paragliding\dao\sql\BaseSqlRepository.class
by\training\paragliding\dao\Repository.class
by\training\paragliding\dao\sql\user\FindAllUsersSpecification.class
by\training\paragliding\bean\entity\Competition.class
by\training\paragliding\service\UserService.class
by\training\paragliding\controller\command\Executable.class
by\training\paragliding\bean\entity\Sportsman.class
by\training\paragliding\bean\entity\Competition$Status.class
