C:\Users\kosti\IdeaProjects\MySqlTrying\src\main\java\by\training\sqltask\servlet\package-info.java
C:\Users\kosti\IdeaProjects\MySqlTrying\src\main\java\by\training\sqltask\controller\package-info.java
C:\Users\kosti\IdeaProjects\MySqlTrying\src\main\java\by\training\sqltask\service\ViewSportsmanService.java
C:\Users\kosti\IdeaProjects\MySqlTrying\src\main\java\by\training\sqltask\service\exception\ServiceException.java
C:\Users\kosti\IdeaProjects\MySqlTrying\src\main\java\by\training\sqltask\controller\command\ViewSportsmenCommand.java
C:\Users\kosti\IdeaProjects\MySqlTrying\src\main\java\by\training\sqltask\dao\repository\specification\SortSpecification.java
C:\Users\kosti\IdeaProjects\MySqlTrying\src\main\java\by\training\sqltask\service\SportsmenService.java
C:\Users\kosti\IdeaProjects\MySqlTrying\src\main\java\by\training\sqltask\bean\entity\Sportsman.java
C:\Users\kosti\IdeaProjects\MySqlTrying\src\main\java\by\training\sqltask\controller\Controller.java
C:\Users\kosti\IdeaProjects\MySqlTrying\src\main\java\by\training\sqltask\dao\repository\specification\package-info.java
C:\Users\kosti\IdeaProjects\MySqlTrying\src\main\java\by\training\sqltask\dao\repository\SportsmenRepository.java
C:\Users\kosti\IdeaProjects\MySqlTrying\src\main\java\by\training\sqltask\dao\repository\BaseSqlRepository.java
C:\Users\kosti\IdeaProjects\MySqlTrying\src\main\java\by\training\sqltask\controller\exception\package-info.java
C:\Users\kosti\IdeaProjects\MySqlTrying\src\main\java\by\training\sqltask\dao\repository\specification\Specification.java
C:\Users\kosti\IdeaProjects\MySqlTrying\src\main\java\by\training\sqltask\controller\command\package-info.java
C:\Users\kosti\IdeaProjects\MySqlTrying\src\main\java\by\training\sqltask\controller\exception\ControllerException.java
C:\Users\kosti\IdeaProjects\MySqlTrying\src\main\java\by\training\sqltask\dao\exception\package-info.java
C:\Users\kosti\IdeaProjects\MySqlTrying\src\main\java\by\training\sqltask\dao\repository\specification\FindSpecification.java
C:\Users\kosti\IdeaProjects\MySqlTrying\src\main\java\by\training\sqltask\controller\CommandProvider.java
C:\Users\kosti\IdeaProjects\MySqlTrying\src\main\java\by\training\sqltask\dao\repository\package-info.java
C:\Users\kosti\IdeaProjects\MySqlTrying\src\main\java\by\training\sqltask\servlet\ReadServlet.java
C:\Users\kosti\IdeaProjects\MySqlTrying\src\main\java\by\training\sqltask\dao\exception\DaoException.java
C:\Users\kosti\IdeaProjects\MySqlTrying\src\main\java\by\training\sqltask\dao\repository\Repository.java
C:\Users\kosti\IdeaProjects\MySqlTrying\src\main\java\by\training\sqltask\service\exception\package-info.java
C:\Users\kosti\IdeaProjects\MySqlTrying\src\main\java\by\training\sqltask\controller\command\Executable.java
