C:\Users\kosti\IdeaProjects\EpamTraining\ParaglidingFinal\src\main\java\by\training\paragliding\controller\CommandProvider.java
C:\Users\kosti\IdeaProjects\EpamTraining\ParaglidingFinal\src\main\java\by\training\paragliding\dao\repository\BaseSqlRepository.java
C:\Users\kosti\IdeaProjects\EpamTraining\ParaglidingFinal\src\main\java\by\training\paragliding\dao\repository\specification\FindAllSpecification.java
C:\Users\kosti\IdeaProjects\EpamTraining\ParaglidingFinal\src\main\java\by\training\paragliding\servlet\ReadServlet.java
C:\Users\kosti\IdeaProjects\EpamTraining\ParaglidingFinal\src\main\java\by\training\paragliding\bean\exception\package-info.java
C:\Users\kosti\IdeaProjects\EpamTraining\ParaglidingFinal\src\main\java\by\training\paragliding\controller\exception\ControllerException.java
C:\Users\kosti\IdeaProjects\EpamTraining\ParaglidingFinal\src\main\java\by\training\paragliding\bean\entity\package-info.java
C:\Users\kosti\IdeaProjects\EpamTraining\ParaglidingFinal\src\main\java\by\training\paragliding\servlet\package-info.java
C:\Users\kosti\IdeaProjects\EpamTraining\ParaglidingFinal\src\main\java\by\training\paragliding\controller\command\package-info.java
C:\Users\kosti\IdeaProjects\EpamTraining\ParaglidingFinal\src\main\java\by\training\paragliding\controller\command\ViewSportsmanByIdCommand.java
C:\Users\kosti\IdeaProjects\EpamTraining\ParaglidingFinal\src\main\java\by\training\paragliding\dao\exception\DaoException.java
C:\Users\kosti\IdeaProjects\EpamTraining\ParaglidingFinal\src\main\java\by\training\paragliding\controller\command\ViewAllSportsmen.java
C:\Users\kosti\IdeaProjects\EpamTraining\ParaglidingFinal\src\main\java\by\training\paragliding\dao\repository\Repository.java
C:\Users\kosti\IdeaProjects\EpamTraining\ParaglidingFinal\src\main\java\by\training\paragliding\dao\repository\specification\package-info.java
C:\Users\kosti\IdeaProjects\EpamTraining\ParaglidingFinal\src\main\java\by\training\paragliding\dao\repository\specification\Specification.java
C:\Users\kosti\IdeaProjects\EpamTraining\ParaglidingFinal\src\main\java\by\training\paragliding\controller\exception\package-info.java
C:\Users\kosti\IdeaProjects\EpamTraining\ParaglidingFinal\src\main\java\by\training\paragliding\controller\package-info.java
C:\Users\kosti\IdeaProjects\EpamTraining\ParaglidingFinal\src\main\java\by\training\paragliding\controller\Controller.java
C:\Users\kosti\IdeaProjects\EpamTraining\ParaglidingFinal\src\main\java\by\training\paragliding\service\SportsmanService.java
C:\Users\kosti\IdeaProjects\EpamTraining\ParaglidingFinal\src\main\java\by\training\paragliding\service\exception\ServiceException.java
C:\Users\kosti\IdeaProjects\EpamTraining\ParaglidingFinal\src\main\java\by\training\paragliding\bean\entity\Competition.java
C:\Users\kosti\IdeaProjects\EpamTraining\ParaglidingFinal\src\main\java\by\training\paragliding\dao\repository\package-info.java
C:\Users\kosti\IdeaProjects\EpamTraining\ParaglidingFinal\src\main\java\by\training\paragliding\bean\exception\BeanException.java
C:\Users\kosti\IdeaProjects\EpamTraining\ParaglidingFinal\src\main\java\by\training\paragliding\dao\repository\specification\FindByRatingRange.java
C:\Users\kosti\IdeaProjects\EpamTraining\ParaglidingFinal\src\main\java\by\training\paragliding\dao\repository\specification\FindByApplication.java
C:\Users\kosti\IdeaProjects\EpamTraining\ParaglidingFinal\src\main\java\by\training\paragliding\controller\command\Executable.java
C:\Users\kosti\IdeaProjects\EpamTraining\ParaglidingFinal\src\main\java\by\training\paragliding\dao\exception\package-info.java
C:\Users\kosti\IdeaProjects\EpamTraining\ParaglidingFinal\src\main\java\by\training\paragliding\dao\repository\specification\FindByCountrySpecification.java
C:\Users\kosti\IdeaProjects\EpamTraining\ParaglidingFinal\src\main\java\by\training\paragliding\service\exception\package-info.java
C:\Users\kosti\IdeaProjects\EpamTraining\ParaglidingFinal\src\main\java\by\training\paragliding\bean\entity\Sportsman.java
C:\Users\kosti\IdeaProjects\EpamTraining\ParaglidingFinal\src\main\java\by\training\paragliding\service\package-info.java
C:\Users\kosti\IdeaProjects\EpamTraining\ParaglidingFinal\src\main\java\by\training\paragliding\dao\repository\SportsmenRepository.java
