C:\Users\kosti\IdeaProjects\EpamTraining\ParaglidingFinal\src\main\java\by\training\paragliding\controller\CommandProvider.java
C:\Users\kosti\IdeaProjects\EpamTraining\ParaglidingFinal\src\main\java\by\training\paragliding\bean\exception\package-info.java
C:\Users\kosti\IdeaProjects\EpamTraining\ParaglidingFinal\src\main\java\by\training\paragliding\service\ServiceFactory.java
C:\Users\kosti\IdeaProjects\EpamTraining\ParaglidingFinal\src\main\java\by\training\paragliding\controller\exception\ControllerException.java
C:\Users\kosti\IdeaProjects\EpamTraining\ParaglidingFinal\src\main\java\by\training\paragliding\bean\entity\package-info.java
C:\Users\kosti\IdeaProjects\EpamTraining\ParaglidingFinal\src\main\java\by\training\paragliding\dao\mysql\Specification.java
C:\Users\kosti\IdeaProjects\EpamTraining\ParaglidingFinal\src\main\java\by\training\paragliding\controller\command\sportsman\ViewSportsmanById.java
C:\Users\kosti\IdeaProjects\EpamTraining\ParaglidingFinal\src\main\java\by\training\paragliding\servlet\ActionFromUriFilter.java
C:\Users\kosti\IdeaProjects\EpamTraining\ParaglidingFinal\src\main\java\by\training\paragliding\controller\command\sportsman\ViewSportsmenByCountryCode.java
C:\Users\kosti\IdeaProjects\EpamTraining\ParaglidingFinal\src\main\java\by\training\paragliding\dao\mysql\user\FindAllUsersSpecification.java
C:\Users\kosti\IdeaProjects\EpamTraining\ParaglidingFinal\src\main\java\by\training\paragliding\dao\mysql\BaseSqlRepository.java
C:\Users\kosti\IdeaProjects\EpamTraining\ParaglidingFinal\src\main\java\by\training\paragliding\dao\Repository.java
C:\Users\kosti\IdeaProjects\EpamTraining\ParaglidingFinal\src\main\java\by\training\paragliding\servlet\package-info.java
C:\Users\kosti\IdeaProjects\EpamTraining\ParaglidingFinal\src\main\java\by\training\paragliding\controller\command\package-info.java
C:\Users\kosti\IdeaProjects\EpamTraining\ParaglidingFinal\src\main\java\by\training\paragliding\bean\entity\User.java
C:\Users\kosti\IdeaProjects\EpamTraining\ParaglidingFinal\src\main\java\by\training\paragliding\servlet\EncodingFilter.java
C:\Users\kosti\IdeaProjects\EpamTraining\ParaglidingFinal\src\main\java\by\training\paragliding\bean\entity\Role.java
C:\Users\kosti\IdeaProjects\EpamTraining\ParaglidingFinal\src\main\java\by\training\paragliding\dao\exception\DaoException.java
C:\Users\kosti\IdeaProjects\EpamTraining\ParaglidingFinal\src\main\java\by\training\paragliding\dao\package-info.java
C:\Users\kosti\IdeaProjects\EpamTraining\ParaglidingFinal\src\main\java\by\training\paragliding\dao\mysql\user\UserRepository.java
C:\Users\kosti\IdeaProjects\EpamTraining\ParaglidingFinal\src\main\java\by\training\paragliding\controller\exception\package-info.java
C:\Users\kosti\IdeaProjects\EpamTraining\ParaglidingFinal\src\main\java\by\training\paragliding\controller\package-info.java
C:\Users\kosti\IdeaProjects\EpamTraining\ParaglidingFinal\src\main\java\by\training\paragliding\controller\Controller.java
C:\Users\kosti\IdeaProjects\EpamTraining\ParaglidingFinal\src\main\java\by\training\paragliding\dao\mysql\sportsmen\package-info.java
C:\Users\kosti\IdeaProjects\EpamTraining\ParaglidingFinal\src\main\java\by\training\paragliding\service\SportsmanService.java
C:\Users\kosti\IdeaProjects\EpamTraining\ParaglidingFinal\src\main\java\by\training\paragliding\controller\command\sportsman\ViewAllSportsmen.java
C:\Users\kosti\IdeaProjects\EpamTraining\ParaglidingFinal\src\main\java\by\training\paragliding\dao\mysql\sportsmen\SportsmenRepository.java
C:\Users\kosti\IdeaProjects\EpamTraining\ParaglidingFinal\src\main\java\by\training\paragliding\service\exception\ServiceException.java
C:\Users\kosti\IdeaProjects\EpamTraining\ParaglidingFinal\src\main\java\by\training\paragliding\bean\entity\Competition.java
C:\Users\kosti\IdeaProjects\EpamTraining\ParaglidingFinal\src\main\java\by\training\paragliding\bean\exception\BeanException.java
C:\Users\kosti\IdeaProjects\EpamTraining\ParaglidingFinal\src\main\java\by\training\paragliding\dao\mysql\sportsmen\FindAllSportsmenSpecification.java
C:\Users\kosti\IdeaProjects\EpamTraining\ParaglidingFinal\src\main\java\by\training\paragliding\service\UserService.java
C:\Users\kosti\IdeaProjects\EpamTraining\ParaglidingFinal\src\main\java\by\training\paragliding\dao\DaoFactory.java
C:\Users\kosti\IdeaProjects\EpamTraining\ParaglidingFinal\src\main\java\by\training\paragliding\servlet\ControllerServlet.java
C:\Users\kosti\IdeaProjects\EpamTraining\ParaglidingFinal\src\main\java\by\training\paragliding\controller\command\Executable.java
C:\Users\kosti\IdeaProjects\EpamTraining\ParaglidingFinal\src\main\java\by\training\paragliding\dao\mysql\sportsmen\FindSportsmenByApplication.java
C:\Users\kosti\IdeaProjects\EpamTraining\ParaglidingFinal\src\main\java\by\training\paragliding\dao\exception\package-info.java
C:\Users\kosti\IdeaProjects\EpamTraining\ParaglidingFinal\src\main\java\by\training\paragliding\service\exception\package-info.java
C:\Users\kosti\IdeaProjects\EpamTraining\ParaglidingFinal\src\main\java\by\training\paragliding\dao\mysql\sportsmen\FindSportsmenByRatingRange.java
C:\Users\kosti\IdeaProjects\EpamTraining\ParaglidingFinal\src\main\java\by\training\paragliding\bean\entity\Sportsman.java
C:\Users\kosti\IdeaProjects\EpamTraining\ParaglidingFinal\src\main\java\by\training\paragliding\service\package-info.java
C:\Users\kosti\IdeaProjects\EpamTraining\ParaglidingFinal\src\main\java\by\training\paragliding\dao\mysql\sportsmen\FindByCountrySpecification.java
