by\training\task4web\service\LocaleService.class
by\training\task4web\bean\entity\FamousGem.class
by\training\task4web\service\GemsDomBuilder.class
by\training\task4web\servlet\ParseServlet.class
by\training\task4web\bean\entity\Gem$Preciousness.class
by\training\task4web\controller\command\Executable.class
by\training\task4web\service\ParseDirector.class
by\training\task4web\service\GemsStaxBuilder.class
by\training\task4web\bean\entity\Gem.class
by\training\task4web\controller\Controller.class
by\training\task4web\controller\command\ParseCommand.class
by\training\task4web\controller\CommandProvider.class
by\training\task4web\service\exception\ServiceException.class
by\training\task4web\service\BaseGemsBuilder.class
by\training\task4web\bean\exception\BeanException.class
by\training\task4web\bean\entity\Gem$VisualParameters.class
by\training\task4web\service\SaxGemContentHandler$1.class
by\training\task4web\service\SaxGemContentHandler.class
by\training\task4web\bean\entity\Gem$GemType.class
by\training\task4web\bean\entity\GemPropertyEnum.class
by\training\task4web\service\GemsSaxBuilder.class
by\training\task4web\controller\exception\ControllerException.class
by\training\task4web\service\LocaleService$ResourceManager.class
