C:\Users\kosti\IdeaProjects\EpamTraining\Task4web\src\main\java\by\training\task4web\servlet\package-info.java
C:\Users\kosti\IdeaProjects\EpamTraining\Task4web\src\main\java\by\training\task4web\controller\command\ParseCommand.java
C:\Users\kosti\IdeaProjects\EpamTraining\Task4web\src\main\java\by\training\task4web\controller\package-info.java
C:\Users\kosti\IdeaProjects\EpamTraining\Task4web\src\main\java\by\training\task4web\service\GemsDomBuilder.java
C:\Users\kosti\IdeaProjects\EpamTraining\Task4web\src\main\java\by\training\task4web\bean\entity\package-info.java
C:\Users\kosti\IdeaProjects\EpamTraining\Task4web\src\main\java\by\training\task4web\servlet\ParseServlet.java
C:\Users\kosti\IdeaProjects\EpamTraining\Task4web\src\main\java\by\training\task4web\service\GemsStaxBuilder.java
C:\Users\kosti\IdeaProjects\EpamTraining\Task4web\src\main\java\by\training\task4web\bean\entity\Gem.java
C:\Users\kosti\IdeaProjects\EpamTraining\Task4web\src\main\java\by\training\task4web\service\BaseGemsBuilder.java
C:\Users\kosti\IdeaProjects\EpamTraining\Task4web\src\main\java\by\training\task4web\controller\command\Executable.java
C:\Users\kosti\IdeaProjects\EpamTraining\Task4web\src\main\java\by\training\task4web\bean\entity\FamousGem.java
C:\Users\kosti\IdeaProjects\EpamTraining\Task4web\src\main\java\by\training\task4web\controller\CommandProvider.java
C:\Users\kosti\IdeaProjects\EpamTraining\Task4web\src\main\java\by\training\task4web\controller\Controller.java
C:\Users\kosti\IdeaProjects\EpamTraining\Task4web\src\main\java\by\training\task4web\service\LocaleService.java
C:\Users\kosti\IdeaProjects\EpamTraining\Task4web\src\main\java\by\training\task4web\controller\exception\ControllerException.java
C:\Users\kosti\IdeaProjects\EpamTraining\Task4web\src\main\java\by\training\task4web\service\package-info.java
C:\Users\kosti\IdeaProjects\EpamTraining\Task4web\src\main\java\by\training\task4web\service\ParseDirector.java
C:\Users\kosti\IdeaProjects\EpamTraining\Task4web\src\main\java\by\training\task4web\service\exception\ServiceException.java
C:\Users\kosti\IdeaProjects\EpamTraining\Task4web\src\main\java\by\training\task4web\bean\exception\BeanException.java
C:\Users\kosti\IdeaProjects\EpamTraining\Task4web\src\main\java\by\training\task4web\controller\command\package-info.java
C:\Users\kosti\IdeaProjects\EpamTraining\Task4web\src\main\java\by\training\task4web\service\exception\package-info.java
C:\Users\kosti\IdeaProjects\EpamTraining\Task4web\src\main\java\by\training\task4web\service\GemsSaxBuilder.java
C:\Users\kosti\IdeaProjects\EpamTraining\Task4web\src\main\java\by\training\task4web\service\SaxGemContentHandler.java
C:\Users\kosti\IdeaProjects\EpamTraining\Task4web\src\main\java\by\training\task4web\bean\exception\package-info.java
C:\Users\kosti\IdeaProjects\EpamTraining\Task4web\src\main\java\by\training\task4web\bean\entity\GemPropertyEnum.java
C:\Users\kosti\IdeaProjects\EpamTraining\Task4web\src\main\java\by\training\task4web\controller\exception\package-info.java
